
[1m[46m RUN [49m[22m [36mv4.1.0 [39m[90mC:/Users/edinh/OneDrive/├ürea de Trabalho/Unicesumar - An├ílise e desenvolvimento de sistemas/MyBuddy/Repositorio Git/MyBuddy/Front End - Angular/mybuddy[39m


[2m Test Files [22m [1m[31m7 failed[39m[22m[90m (7)[39m
[2m      Tests [22m [2mno tests[22m
[2m   Start at [22m 13:16:45
[2m   Duration [22m 2.45s[2m (transform 1.12s, setup 0ms, import 0ms, tests 0ms, environment 2ms)[22m

